---
source: tests/snapshot_parser.rs
expression: table
---
{
    "a": Table(
        {
            "b": Table(
                {
                    "c": Integer(
                        1,
                    ),
                },
            ),
            "d": Integer(
                2,
            ),
        },
    ),
}
